// Jest Snapshot v1, https://goo.gl/fbAQLP

exports[`renders radio buttons correctly 1`] = `
<div
  className="sc-AxirZ jlBfff"
>
  <button
    className="sc-AxjAm kTlcLl sc-AxiKw dNwVgz"
    onClick={[Function]}
  >
    bi-weekly
  </button>
  <button
    className="sc-AxjAm kTlcLl sc-AxiKw hVPtli"
    onClick={[Function]}
  >
    monthly
  </button>
  <button
    className="sc-AxjAm kTlcLl sc-AxiKw hVPtli"
    onClick={[Function]}
  >
    quarterly
  </button>
  <button
    className="sc-AxjAm kTlcLl sc-AxiKw hVPtli"
    onClick={[Function]}
  >
    yearly
  </button>
</div>
`;
